// Jest Snapshot v1, https://goo.gl/fbAQLP

exports[`Form should render OK 1`] = `
<div>
  <form>
    <h1>
      Test
    </h1>
  </form>
</div>
`;
