// Jest Snapshot v1, https://goo.gl/fbAQLP

exports[`Input should render OK 1`] = `
<div>
  <input
    class="input"
    placeholder="placeholder"
    type="text"
    value="1"
  />
</div>
`;
