// Jest Snapshot v1, https://goo.gl/fbAQLP

exports[`Description should render OK 1`] = `
<div>
  <div
    class="container"
  >
    <h2
      class="title"
    >
      Descripci√≥n del producto
    </h2>
    <p
      class="description"
    >
      <h2>
        description
      </h2>
    </p>
  </div>
</div>
`;
