// Jest Snapshot v1, https://goo.gl/fbAQLP

exports[`Button should render OK 1`] = `
<div>
  <button
    class="button"
    type="submit"
  >
    <h1>
      Test
    </h1>
  </button>
</div>
`;
