// Jest Snapshot v1, https://goo.gl/fbAQLP

exports[`Price should render OK 1`] = `
<div>
  <h1
    class="price"
  >
    <span
      class="currencyCode"
    >
      $
    </span>
    <span>
      300
    </span>
    <span
      class="decimals"
    >
      50
    </span>
  </h1>
</div>
`;
