// Jest Snapshot v1, https://goo.gl/fbAQLP

exports[`Error should render OK 1`] = `
<div>
  <div
    class="container"
    role="alert"
  >
    <img
      alt="Error"
      class="image"
      src="/assets/error.png"
    />
    <h2>
      Ooops, ha habido un error, por favor volv√© a intentarlo mas tarde
    </h2>
  </div>
</div>
`;
