// Jest Snapshot v1, https://goo.gl/fbAQLP

exports[`Loading should render OK 1`] = `
<div>
  <div
    class="container"
    data-testid="loading"
    style="height: 200px; width: 100%;"
  >
    <div
      class="loader"
    />
  </div>
</div>
`;
